  Γû▓ Next.js 14.2.35

   Creating an optimized production build ...
 Γ£ô Compiled successfully
   Linting and checking validity of types ...
   Collecting page data ...
node.exe : 
At line:1 char:1
+ & "C:\nvm4w\nodejs/node.exe" "C:\Users\azureuser\AppData\Roaming\npm/ ...
+ ~~~~~~~~~~~~~~~~~~~~~~~~~~~~~~~~~~~~~~~~~~~~~~~~~~~~~~~~~~~~~~~~~~~~~
    + CategoryInfo          : NotSpecified: (:String) [], RemoteException
    + FullyQualifiedErrorId : NativeCommandError
 
> Build error occurred
Error: ENOENT: no such file or directory, open 
'C:\Users\azureuser\.openclaw-creator\workspace\squad-landing\.next\server\pages-manifest.json'
    at async open (node:internal/fs/promises:637:25)
    at async Object.readFile (node:internal/fs/promises:1269:14)
    at async readManifest 
(C:\Users\azureuser\.openclaw-creator\workspace\squad-landing\node_modules\next\dist\build\index.js:165:23)
    at async C:\Users\azureuser\.openclaw-creator\workspace\squad-landing\node_modules\next\dist\build\index.js:1043:35
    at async Span.traceAsyncFn 
(C:\Users\azureuser\.openclaw-creator\workspace\squad-landing\node_modules\next\dist\trace\trace.js:154:20)
    at async build 
(C:\Users\azureuser\.openclaw-creator\workspace\squad-landing\node_modules\next\dist\build\index.js:368:9) {
  errno: -4058,
  code: 'ENOENT',
  syscall: 'open',
  path: 'C:\\Users\\azureuser\\.openclaw-creator\\workspace\\squad-landing\\.next\\server\\pages-manifest.json'
}
